#! /c/Source/iverilog-install/bin/vvp
:ivl_version "12.0 (devel)" "(s20150603-1110-g18392a46)";
:ivl_delay_selection "TYPICAL";
:vpi_time_precision + 0;
:vpi_module "D:\iverilog\lib\ivl\system.vpi";
:vpi_module "D:\iverilog\lib\ivl\vhdl_sys.vpi";
:vpi_module "D:\iverilog\lib\ivl\vhdl_textio.vpi";
:vpi_module "D:\iverilog\lib\ivl\v2005_math.vpi";
:vpi_module "D:\iverilog\lib\ivl\va_math.vpi";
S_0000022921806950 .scope module, "testBench" "testBench" 2 14;
 .timescale 0 0;
v000002292184b850_0 .var "A", 0 1;
v000002292184b8f0_0 .var "B", 0 1;
v000002292184b990_0 .var "Cin", 0 0;
v000002292184ba30_0 .net "Cout", 0 0, v00000229217baf20_0;  1 drivers
v000002292184bad0_0 .net "S", 0 1, v00000229217d2e10_0;  1 drivers
S_0000022921806ae0 .scope module, "U" "adder" 2 20, 2 1 0, S_0000022921806950;
 .timescale 0 0;
    .port_info 0 /INPUT 2 "X";
    .port_info 1 /INPUT 2 "Y";
    .port_info 2 /INPUT 1 "Cin";
    .port_info 3 /OUTPUT 1 "Cout";
    .port_info 4 /OUTPUT 2 "S";
v00000229217f6c40_0 .net "Cin", 0 0, v000002292184b990_0;  1 drivers
v00000229217baf20_0 .var "Cout", 0 0;
v00000229217d2e10_0 .var "S", 0 1;
v0000022921806c70_0 .net "X", 0 1, v000002292184b850_0;  1 drivers
v0000022921806d10_0 .net "Y", 0 1, v000002292184b8f0_0;  1 drivers
E_00000229217b93f0 .event anyedge, v00000229217f6c40_0, v0000022921806d10_0, v0000022921806c70_0;
    .scope S_0000022921806ae0;
T_0 ;
    %wait E_00000229217b93f0;
    %load/vec4 v0000022921806c70_0;
    %pad/u 3;
    %load/vec4 v0000022921806d10_0;
    %pad/u 3;
    %add;
    %load/vec4 v00000229217f6c40_0;
    %pad/u 3;
    %add;
    %split/vec4 2;
    %store/vec4 v00000229217d2e10_0, 0, 2;
    %store/vec4 v00000229217baf20_0, 0, 1;
    %jmp T_0;
    .thread T_0, $push;
    .scope S_0000022921806950;
T_1 ;
    %pushi/vec4 0, 0, 2;
    %store/vec4 v000002292184b850_0, 0, 2;
    %pushi/vec4 2, 0, 2;
    %store/vec4 v000002292184b8f0_0, 0, 2;
    %pushi/vec4 1, 0, 1;
    %store/vec4 v000002292184b990_0, 0, 1;
    %delay 10, 0;
    %pushi/vec4 1, 0, 2;
    %store/vec4 v000002292184b850_0, 0, 2;
    %delay 10, 0;
    %pushi/vec4 1, 0, 1;
    %store/vec4 v000002292184b990_0, 0, 1;
    %delay 10, 0;
    %pushi/vec4 0, 0, 2;
    %store/vec4 v000002292184b8f0_0, 0, 2;
    %delay 20, 0;
    %pushi/vec4 3, 0, 2;
    %store/vec4 v000002292184b850_0, 0, 2;
    %delay 30, 0;
    %pushi/vec4 0, 0, 1;
    %store/vec4 v000002292184b990_0, 0, 1;
    %delay 40, 0;
    %pushi/vec4 3, 0, 2;
    %store/vec4 v000002292184b8f0_0, 0, 2;
    %delay 50, 0;
    %pushi/vec4 1, 0, 1;
    %store/vec4 v000002292184b990_0, 0, 1;
    %end;
    .thread T_1;
    .scope S_0000022921806950;
T_2 ;
    %vpi_call 2 42 "$monitor", $time, " ", " ", "part:%b  %b", v000002292184bad0_0, v000002292184ba30_0 {0 0 0};
    %delay 70, 0;
    %vpi_call 2 44 "$finish" {0 0 0};
    %end;
    .thread T_2;
    .scope S_0000022921806950;
T_3 ;
    %vpi_call 2 49 "$dumpfile", "wave.vcd" {0 0 0};
    %vpi_call 2 50 "$dumpvars", 32'sb00000000000000000000000000000000, S_0000022921806950 {0 0 0};
    %end;
    .thread T_3;
# The file index is used to find the file name in the following table.
:file_names 3;
    "N/A";
    "<interactive>";
    "test.v";
